2025-07-03 23:31:16,525 - __main__ - INFO - Loading data...
2025-07-03 23:31:16,824 - __main__ - INFO - Data loaded successfully.
2025-07-03 23:31:17,002 - __main__ - INFO - Positive sample ratios:
2025-07-03 23:31:17,002 - __main__ - INFO - task1 positive sample ratio:0.46344706416130066
2025-07-03 23:31:17,002 - __main__ - INFO - task2 positive sample ratio:0.0186765193939209
2025-07-03 23:31:17,015 - __main__ - INFO - task3 positive sample ratio:0.001006912556476891
2025-07-03 23:31:17,015 - __main__ - INFO - task4 positive sample ratio:0.002567670773714781
2025-07-03 23:31:17,062 - __main__ - INFO - Building MMoE model...
2025-07-03 23:31:17,678 - tensorflow - WARNING - From C:\Users\11605\.conda\envs\env_tf\Lib\site-packages\keras\src\backend\tensorflow\core.py:219: The name tf.placeholder is deprecated. Please use tf.compat.v1.placeholder instead.

2025-07-03 23:31:17,832 - __main__ - INFO - Starting model training...
2025-07-03 23:31:34,492 - __main__ - INFO - Epoch 1/30
2025-07-03 23:31:34,492 - __main__ - INFO - Train - Loss: 0.6977, Task1 AUC: 0.7202, Task2 AUC: 0.7760, Task3 AUC: 0.6143, Task4 AUC: 0.5802
2025-07-03 23:31:34,492 - __main__ - INFO - Val - Loss: 0.7022, Task1 AUC: 0.7162, Task2 AUC: 0.7998, Task3 AUC: 0.6779, Task4 AUC: 0.6221
2025-07-03 23:31:45,693 - __main__ - INFO - Epoch 2/30
2025-07-03 23:31:45,693 - __main__ - INFO - Train - Loss: 0.6763, Task1 AUC: 0.7330, Task2 AUC: 0.8247, Task3 AUC: 0.6782, Task4 AUC: 0.6369
2025-07-03 23:31:45,693 - __main__ - INFO - Val - Loss: 0.6880, Task1 AUC: 0.7191, Task2 AUC: 0.8071, Task3 AUC: 0.6905, Task4 AUC: 0.6556
2025-07-03 23:31:56,877 - __main__ - INFO - Epoch 3/30
2025-07-03 23:31:56,877 - __main__ - INFO - Train - Loss: 0.6724, Task1 AUC: 0.7369, Task2 AUC: 0.8318, Task3 AUC: 0.6891, Task4 AUC: 0.6638
2025-07-03 23:31:56,877 - __main__ - INFO - Val - Loss: 0.6858, Task1 AUC: 0.7196, Task2 AUC: 0.8064, Task3 AUC: 0.6953, Task4 AUC: 0.6571
2025-07-03 23:32:08,088 - __main__ - INFO - Epoch 4/30
2025-07-03 23:32:08,088 - __main__ - INFO - Train - Loss: 0.6690, Task1 AUC: 0.7403, Task2 AUC: 0.8369, Task3 AUC: 0.7002, Task4 AUC: 0.6722
2025-07-03 23:32:08,088 - __main__ - INFO - Val - Loss: 0.6915, Task1 AUC: 0.7225, Task2 AUC: 0.8054, Task3 AUC: 0.6701, Task4 AUC: 0.6543
2025-07-03 23:32:19,255 - __main__ - INFO - Epoch 5/30
2025-07-03 23:32:19,255 - __main__ - INFO - Train - Loss: 0.6647, Task1 AUC: 0.7445, Task2 AUC: 0.8424, Task3 AUC: 0.7050, Task4 AUC: 0.6886
2025-07-03 23:32:19,255 - __main__ - INFO - Val - Loss: 0.6899, Task1 AUC: 0.7234, Task2 AUC: 0.8154, Task3 AUC: 0.6960, Task4 AUC: 0.6813
2025-07-03 23:32:30,493 - __main__ - INFO - Epoch 6/30
2025-07-03 23:32:30,493 - __main__ - INFO - Train - Loss: 0.6600, Task1 AUC: 0.7487, Task2 AUC: 0.8495, Task3 AUC: 0.7095, Task4 AUC: 0.6897
2025-07-03 23:32:30,493 - __main__ - INFO - Val - Loss: 0.6846, Task1 AUC: 0.7248, Task2 AUC: 0.8155, Task3 AUC: 0.6518, Task4 AUC: 0.6636
2025-07-03 23:32:41,616 - __main__ - INFO - Epoch 7/30
2025-07-03 23:32:41,616 - __main__ - INFO - Train - Loss: 0.6549, Task1 AUC: 0.7533, Task2 AUC: 0.8578, Task3 AUC: 0.7199, Task4 AUC: 0.7029
2025-07-03 23:32:41,616 - __main__ - INFO - Val - Loss: 0.6843, Task1 AUC: 0.7251, Task2 AUC: 0.8205, Task3 AUC: 0.6936, Task4 AUC: 0.6764
2025-07-03 23:32:52,861 - __main__ - INFO - Epoch 8/30
2025-07-03 23:32:52,861 - __main__ - INFO - Train - Loss: 0.6494, Task1 AUC: 0.7582, Task2 AUC: 0.8652, Task3 AUC: 0.7263, Task4 AUC: 0.7029
2025-07-03 23:32:52,861 - __main__ - INFO - Val - Loss: 0.6840, Task1 AUC: 0.7266, Task2 AUC: 0.8237, Task3 AUC: 0.6634, Task4 AUC: 0.6381
2025-07-03 23:33:04,028 - __main__ - INFO - Epoch 9/30
2025-07-03 23:33:04,028 - __main__ - INFO - Train - Loss: 0.6438, Task1 AUC: 0.7629, Task2 AUC: 0.8724, Task3 AUC: 0.7354, Task4 AUC: 0.7028
2025-07-03 23:33:04,028 - __main__ - INFO - Val - Loss: 0.6822, Task1 AUC: 0.7282, Task2 AUC: 0.8222, Task3 AUC: 0.6682, Task4 AUC: 0.6957
2025-07-03 23:33:15,287 - __main__ - INFO - Epoch 10/30
2025-07-03 23:33:15,287 - __main__ - INFO - Train - Loss: 0.6385, Task1 AUC: 0.7675, Task2 AUC: 0.8790, Task3 AUC: 0.7383, Task4 AUC: 0.7110
2025-07-03 23:33:15,287 - __main__ - INFO - Val - Loss: 0.6887, Task1 AUC: 0.7273, Task2 AUC: 0.8210, Task3 AUC: 0.6436, Task4 AUC: 0.6614
2025-07-03 23:33:26,435 - __main__ - INFO - Epoch 11/30
2025-07-03 23:33:26,435 - __main__ - INFO - Train - Loss: 0.6334, Task1 AUC: 0.7716, Task2 AUC: 0.8851, Task3 AUC: 0.7551, Task4 AUC: 0.7110
2025-07-03 23:33:26,435 - __main__ - INFO - Val - Loss: 0.6821, Task1 AUC: 0.7290, Task2 AUC: 0.8232, Task3 AUC: 0.6540, Task4 AUC: 0.6749
2025-07-03 23:33:37,637 - __main__ - INFO - Epoch 12/30
2025-07-03 23:33:37,637 - __main__ - INFO - Train - Loss: 0.6290, Task1 AUC: 0.7752, Task2 AUC: 0.8899, Task3 AUC: 0.7541, Task4 AUC: 0.7186
2025-07-03 23:33:37,637 - __main__ - INFO - Val - Loss: 0.6880, Task1 AUC: 0.7296, Task2 AUC: 0.8178, Task3 AUC: 0.6624, Task4 AUC: 0.6702
2025-07-03 23:33:48,832 - __main__ - INFO - Epoch 13/30
2025-07-03 23:33:48,832 - __main__ - INFO - Train - Loss: 0.6247, Task1 AUC: 0.7786, Task2 AUC: 0.8945, Task3 AUC: 0.7665, Task4 AUC: 0.7244
2025-07-03 23:33:48,832 - __main__ - INFO - Val - Loss: 0.6828, Task1 AUC: 0.7297, Task2 AUC: 0.8226, Task3 AUC: 0.6815, Task4 AUC: 0.6284
2025-07-03 23:34:00,154 - __main__ - INFO - Epoch 14/30
2025-07-03 23:34:00,154 - __main__ - INFO - Train - Loss: 0.6208, Task1 AUC: 0.7818, Task2 AUC: 0.8985, Task3 AUC: 0.7747, Task4 AUC: 0.7273
2025-07-03 23:34:00,154 - __main__ - INFO - Val - Loss: 0.6849, Task1 AUC: 0.7295, Task2 AUC: 0.8238, Task3 AUC: 0.6778, Task4 AUC: 0.6747
2025-07-03 23:34:11,424 - __main__ - INFO - Epoch 15/30
2025-07-03 23:34:11,424 - __main__ - INFO - Train - Loss: 0.6173, Task1 AUC: 0.7845, Task2 AUC: 0.9023, Task3 AUC: 0.7844, Task4 AUC: 0.7303
2025-07-03 23:34:11,424 - __main__ - INFO - Val - Loss: 0.6888, Task1 AUC: 0.7274, Task2 AUC: 0.8249, Task3 AUC: 0.6358, Task4 AUC: 0.6721
2025-07-03 23:34:22,647 - __main__ - INFO - Epoch 16/30
2025-07-03 23:34:22,650 - __main__ - INFO - Train - Loss: 0.6139, Task1 AUC: 0.7870, Task2 AUC: 0.9055, Task3 AUC: 0.7886, Task4 AUC: 0.7288
2025-07-03 23:34:22,650 - __main__ - INFO - Val - Loss: 0.6910, Task1 AUC: 0.7276, Task2 AUC: 0.8210, Task3 AUC: 0.6650, Task4 AUC: 0.6825
2025-07-03 23:34:22,692 - __main__ - INFO - Saving model...
2025-07-03 23:34:22,692 - absl - WARNING - You are saving your model as an HDF5 file via `model.save()` or `keras.saving.save_model(model)`. This file format is considered legacy. We recommend using instead the native Keras format, e.g. `model.save('my_model.keras')` or `keras.saving.save_model(model, 'my_model.keras')`. 
2025-07-03 23:34:22,756 - __main__ - INFO - Model saved successfully.
2025-07-03 23:34:22,756 - __main__ - INFO - Evaluating on test set...
2025-07-03 23:34:23,963 - __main__ - INFO - 
Test set evaluation:
2025-07-03 23:34:23,963 - __main__ - INFO - loss: 0.6821
2025-07-03 23:34:23,963 - __main__ - INFO - compile_metrics: 0.6039
2025-07-03 23:34:23,964 - __main__ - INFO - output_1_loss: 0.0721
2025-07-03 23:34:23,964 - __main__ - INFO - output_2_loss: 0.0091
2025-07-03 23:34:23,964 - __main__ - INFO - output_3_loss: 0.0161
2025-07-03 23:34:23,964 - __main__ - INFO - output_4_loss: 0.7290
2025-07-03 23:34:23,964 - __main__ - INFO - 
AUC for each task:
2025-07-03 23:34:23,964 - __main__ - INFO - output_1 AUC: 0.7290
2025-07-03 23:34:23,966 - __main__ - INFO - output_2 AUC: 0.8232
2025-07-03 23:34:23,966 - __main__ - INFO - output_3 AUC: 0.6540
2025-07-03 23:34:23,966 - __main__ - INFO - output_4 AUC: 0.6749
2025-07-03 23:34:25,230 - __main__ - INFO - Training curves saved to KuaiRand-Pure/saved/MMoE_model_loss_auc_train_val.png
